[dotenv@17.3.1] injecting env (5) from .env -- tip: ≡ƒöÉ prevent committing .env to code: https://dotenvx.com/precommit
--- Testing 2 Gemini API Key(s) ---

Testing Key 1: AIzaSyBJ...

Testing Key 2: AIzaSyCC...
node.exe : Γ¥î FAILED: [GoogleGenerativeAI Error]: 
Error fetching from https://generativelanguage.goog
leapis.com/v1beta/models/gemini-1.5-flash:generateC
ontent: [404 Not Found] models/gemini-1.5-flash is 
not found for API version v1beta, or is not 
supported for generateContent. Call ListModels to 
see the list of available models and their 
supported methods.
At line:1 char:1
+ & "C:\Program Files\nodejs/node.exe" "C:\Program 
Files\nodejs/node_mo ...
+ ~~~~~~~~~~~~~~~~~~~~~~~~~~~~~~~~~~~~~~~~~~~~~~~~~
~~~~~~~~~~~~~~~~~~~~
    + CategoryInfo          : NotSpecified: (Γ¥î 
FAILED    : [Go...ported methods.:String) [], 
RemoteException
    + FullyQualifiedErrorId : NativeCommandError
 
Γ¥î FAILED: [GoogleGenerativeAI Error]: Error 
fetching from https://generativelanguage.googleapis
.com/v1beta/models/gemini-1.5-flash:generateContent
: [404 Not Found] models/gemini-1.5-flash is not 
found for API version v1beta, or is not supported 
for generateContent. Call ListModels to see the 
list of available models and their supported 
methods.
